// Jest Snapshot v1, https://goo.gl/fbAQLP

exports[`renders ./components/page-header/demo/basic.md correctly 1`] = `
<div
  class="ant-page-header"
>
  <div
    class="ant-page-header-heading"
  >
    <div
      class="ant-page-header-back"
    >
      <div
        aria-label="Back"
        class="ant-page-header-back-button"
        role="button"
        style="border: 0px; background: transparent; padding: 0px; line-height: inherit; display: inline-block;"
        tabindex="0"
      >
        <i
          aria-label="icon: arrow-left"
          class="anticon anticon-arrow-left"
        >
          <svg
            aria-hidden="true"
            class=""
            data-icon="arrow-left"
            fill="currentColor"
            height="1em"
            viewBox="64 64 896 896"
            width="1em"
          >
            <path
              d="M872 474H286.9l350.2-304c5.6-4.9 2.2-14-5.2-14h-88.5c-3.9 0-7.6 1.4-10.5 3.9L155 487.8a31.96 31.96 0 0 0 0 48.3L535.1 866c1.5 1.3 3.3 2 5.2 2h91.5c7.4 0 10.8-9.2 5.2-14L286.9 550H872c4.4 0 8-3.6 8-8v-60c0-4.4-3.6-8-8-8z"
            />
          </svg>
        </i>
      </div>
    </div>
    <span
      class="ant-page-header-heading-title"
    >
      Title
    </span>
    <span
      class="ant-page-header-heading-sub-title"
    >
      This is a subtitle
    </span>
  </div>
</div>
`;

exports[`renders ./components/page-header/demo/breadcrumb.md correctly 1`] = `
<div
  class="ant-page-header has-breadcrumb"
>
  <div
    class="ant-breadcrumb"
  >
    <span>
      <span
        class="ant-breadcrumb-link"
      >
        <a
          href="#/index"
        >
          First-level Menu
        </a>
      </span>
      <span
        class="ant-breadcrumb-separator"
      >
        /
      </span>
    </span>
    <span>
      <span
        class="ant-breadcrumb-link"
      >
        <a
          href="#/index/first"
        >
          Second-level Menu
        </a>
      </span>
      <span
        class="ant-breadcrumb-separator"
      >
        /
      </span>
    </span>
    <span>
      <span
        class="ant-breadcrumb-link"
      >
        <span>
          Third-level Menu
        </span>
      </span>
      <span
        class="ant-breadcrumb-separator"
      >
        /
      </span>
    </span>
  </div>
  <div
    class="ant-page-header-heading"
  >
    <span
      class="ant-page-header-heading-title"
    >
      Title
    </span>
    <span
      class="ant-page-header-heading-sub-title"
    >
      This is a subtitle
    </span>
  </div>
</div>
`;
